[25-Jul-2026 10:31:42 UTC] PHP Warning:  mysqli_real_connect(): (HY000/2002): No connection could be made because the target machine actively refused it.
 in D:\wamp\www\Khwopring.com.np\www\wp-includes\class-wpdb.php on line 1988
[25-Jul-2026 10:31:42 UTC] PHP Stack trace:
[25-Jul-2026 10:31:42 UTC] PHP   1. {main}() D:\wamp\www\Khwopring.com.np\www\index.php:0
[25-Jul-2026 10:31:42 UTC] PHP   2. require() D:\wamp\www\Khwopring.com.np\www\index.php:17
[25-Jul-2026 10:31:42 UTC] PHP   3. require_once() D:\wamp\www\Khwopring.com.np\www\wp-blog-header.php:13
[25-Jul-2026 10:31:42 UTC] PHP   4. require_once() D:\wamp\www\Khwopring.com.np\www\wp-load.php:50
[25-Jul-2026 10:31:42 UTC] PHP   5. require_once() D:\wamp\www\Khwopring.com.np\www\wp-config.php:40
[25-Jul-2026 10:31:42 UTC] PHP   6. require_wp_db() D:\wamp\www\Khwopring.com.np\www\wp-settings.php:136
[25-Jul-2026 10:31:42 UTC] PHP   7. wpdb->__construct() D:\wamp\www\Khwopring.com.np\www\wp-includes\load.php:724
[25-Jul-2026 10:31:42 UTC] PHP   8. wpdb->db_connect() D:\wamp\www\Khwopring.com.np\www\wp-includes\class-wpdb.php:772
[25-Jul-2026 10:31:42 UTC] PHP   9. mysqli_real_connect() D:\wamp\www\Khwopring.com.np\www\wp-includes\class-wpdb.php:1988
[25-Jul-2026 10:31:59 UTC] PHP Warning:  mysqli_real_connect(): (HY000/2002): No connection could be made because the target machine actively refused it.
 in D:\wamp\www\Khwopring.com.np\www\wp-includes\class-wpdb.php on line 1988
[25-Jul-2026 10:31:59 UTC] PHP Stack trace:
[25-Jul-2026 10:31:59 UTC] PHP   1. {main}() D:\wamp\www\Khwopring.com.np\www\index.php:0
[25-Jul-2026 10:31:59 UTC] PHP   2. require() D:\wamp\www\Khwopring.com.np\www\index.php:17
[25-Jul-2026 10:31:59 UTC] PHP   3. require_once() D:\wamp\www\Khwopring.com.np\www\wp-blog-header.php:13
[25-Jul-2026 10:31:59 UTC] PHP   4. require_once() D:\wamp\www\Khwopring.com.np\www\wp-load.php:50
[25-Jul-2026 10:31:59 UTC] PHP   5. require_once() D:\wamp\www\Khwopring.com.np\www\wp-config.php:40
[25-Jul-2026 10:31:59 UTC] PHP   6. require_wp_db() D:\wamp\www\Khwopring.com.np\www\wp-settings.php:136
[25-Jul-2026 10:31:59 UTC] PHP   7. wpdb->__construct() D:\wamp\www\Khwopring.com.np\www\wp-includes\load.php:724
[25-Jul-2026 10:31:59 UTC] PHP   8. wpdb->db_connect() D:\wamp\www\Khwopring.com.np\www\wp-includes\class-wpdb.php:772
[25-Jul-2026 10:31:59 UTC] PHP   9. mysqli_real_connect() D:\wamp\www\Khwopring.com.np\www\wp-includes\class-wpdb.php:1988
[25-Jul-2026 10:39:21 UTC] PHP Deprecated:  Function get_page_by_title is <strong>deprecated</strong> since version 6.2.0! Use WP_Query instead. in D:\wamp\www\Khwopring.com.np\www\wp-includes\functions.php on line 6170
[25-Jul-2026 10:39:21 UTC] PHP Deprecated:  Function get_page_by_title is <strong>deprecated</strong> since version 6.2.0! Use WP_Query instead. in D:\wamp\www\Khwopring.com.np\www\wp-includes\functions.php on line 6170
[25-Jul-2026 10:39:21 UTC] PHP Deprecated:  Function get_page_by_title is <strong>deprecated</strong> since version 6.2.0! Use WP_Query instead. in D:\wamp\www\Khwopring.com.np\www\wp-includes\functions.php on line 6170
[25-Jul-2026 10:39:22 UTC] PHP Deprecated:  Function get_page_by_title is <strong>deprecated</strong> since version 6.2.0! Use WP_Query instead. in D:\wamp\www\Khwopring.com.np\www\wp-includes\functions.php on line 6170
[25-Jul-2026 10:39:22 UTC] PHP Deprecated:  Function get_page_by_title is <strong>deprecated</strong> since version 6.2.0! Use WP_Query instead. in D:\wamp\www\Khwopring.com.np\www\wp-includes\functions.php on line 6170
[25-Jul-2026 10:39:22 UTC] PHP Deprecated:  Function get_page_by_title is <strong>deprecated</strong> since version 6.2.0! Use WP_Query instead. in D:\wamp\www\Khwopring.com.np\www\wp-includes\functions.php on line 6170
[25-Jul-2026 10:39:22 UTC] PHP Deprecated:  Function get_page_by_title is <strong>deprecated</strong> since version 6.2.0! Use WP_Query instead. in D:\wamp\www\Khwopring.com.np\www\wp-includes\functions.php on line 6170
[25-Jul-2026 10:39:22 UTC] PHP Deprecated:  Function get_page_by_title is <strong>deprecated</strong> since version 6.2.0! Use WP_Query instead. in D:\wamp\www\Khwopring.com.np\www\wp-includes\functions.php on line 6170
[25-Jul-2026 10:39:22 UTC] PHP Deprecated:  Function get_page_by_title is <strong>deprecated</strong> since version 6.2.0! Use WP_Query instead. in D:\wamp\www\Khwopring.com.np\www\wp-includes\functions.php on line 6170
[25-Jul-2026 10:39:22 UTC] PHP Deprecated:  Function get_page_by_title is <strong>deprecated</strong> since version 6.2.0! Use WP_Query instead. in D:\wamp\www\Khwopring.com.np\www\wp-includes\functions.php on line 6170
[25-Jul-2026 10:39:22 UTC] PHP Deprecated:  Function get_page_by_title is <strong>deprecated</strong> since version 6.2.0! Use WP_Query instead. in D:\wamp\www\Khwopring.com.np\www\wp-includes\functions.php on line 6170
[25-Jul-2026 10:39:22 UTC] PHP Deprecated:  Function get_page_by_title is <strong>deprecated</strong> since version 6.2.0! Use WP_Query instead. in D:\wamp\www\Khwopring.com.np\www\wp-includes\functions.php on line 6170
[25-Jul-2026 10:39:22 UTC] PHP Deprecated:  Function get_page_by_title is <strong>deprecated</strong> since version 6.2.0! Use WP_Query instead. in D:\wamp\www\Khwopring.com.np\www\wp-includes\functions.php on line 6170
[25-Jul-2026 10:39:22 UTC] PHP Deprecated:  Function get_page_by_title is <strong>deprecated</strong> since version 6.2.0! Use WP_Query instead. in D:\wamp\www\Khwopring.com.np\www\wp-includes\functions.php on line 6170
[25-Jul-2026 10:39:22 UTC] PHP Deprecated:  Function get_page_by_title is <strong>deprecated</strong> since version 6.2.0! Use WP_Query instead. in D:\wamp\www\Khwopring.com.np\www\wp-includes\functions.php on line 6170
[25-Jul-2026 10:39:22 UTC] PHP Deprecated:  Function get_page_by_title is <strong>deprecated</strong> since version 6.2.0! Use WP_Query instead. in D:\wamp\www\Khwopring.com.np\www\wp-includes\functions.php on line 6170
[25-Jul-2026 10:39:23 UTC] PHP Deprecated:  Function get_page_by_title is <strong>deprecated</strong> since version 6.2.0! Use WP_Query instead. in D:\wamp\www\Khwopring.com.np\www\wp-includes\functions.php on line 6170
[25-Jul-2026 10:39:23 UTC] PHP Deprecated:  Function get_page_by_title is <strong>deprecated</strong> since version 6.2.0! Use WP_Query instead. in D:\wamp\www\Khwopring.com.np\www\wp-includes\functions.php on line 6170
[25-Jul-2026 10:39:23 UTC] PHP Deprecated:  Function get_page_by_title is <strong>deprecated</strong> since version 6.2.0! Use WP_Query instead. in D:\wamp\www\Khwopring.com.np\www\wp-includes\functions.php on line 6170
[25-Jul-2026 10:39:23 UTC] PHP Deprecated:  Function get_page_by_title is <strong>deprecated</strong> since version 6.2.0! Use WP_Query instead. in D:\wamp\www\Khwopring.com.np\www\wp-includes\functions.php on line 6170
[25-Jul-2026 10:39:23 UTC] PHP Deprecated:  Function get_page_by_title is <strong>deprecated</strong> since version 6.2.0! Use WP_Query instead. in D:\wamp\www\Khwopring.com.np\www\wp-includes\functions.php on line 6170
[25-Jul-2026 10:39:23 UTC] PHP Deprecated:  Function get_page_by_title is <strong>deprecated</strong> since version 6.2.0! Use WP_Query instead. in D:\wamp\www\Khwopring.com.np\www\wp-includes\functions.php on line 6170
[25-Jul-2026 10:39:23 UTC] PHP Deprecated:  Function get_page_by_title is <strong>deprecated</strong> since version 6.2.0! Use WP_Query instead. in D:\wamp\www\Khwopring.com.np\www\wp-includes\functions.php on line 6170
[25-Jul-2026 10:39:23 UTC] PHP Deprecated:  Function get_page_by_title is <strong>deprecated</strong> since version 6.2.0! Use WP_Query instead. in D:\wamp\www\Khwopring.com.np\www\wp-includes\functions.php on line 6170
[25-Jul-2026 10:39:23 UTC] PHP Deprecated:  Function get_page_by_title is <strong>deprecated</strong> since version 6.2.0! Use WP_Query instead. in D:\wamp\www\Khwopring.com.np\www\wp-includes\functions.php on line 6170
[25-Jul-2026 10:39:23 UTC] PHP Deprecated:  Function get_page_by_title is <strong>deprecated</strong> since version 6.2.0! Use WP_Query instead. in D:\wamp\www\Khwopring.com.np\www\wp-includes\functions.php on line 6170
[25-Jul-2026 10:39:23 UTC] PHP Deprecated:  Function get_page_by_title is <strong>deprecated</strong> since version 6.2.0! Use WP_Query instead. in D:\wamp\www\Khwopring.com.np\www\wp-includes\functions.php on line 6170
[25-Jul-2026 10:39:23 UTC] PHP Deprecated:  Function get_page_by_title is <strong>deprecated</strong> since version 6.2.0! Use WP_Query instead. in D:\wamp\www\Khwopring.com.np\www\wp-includes\functions.php on line 6170
[25-Jul-2026 10:39:23 UTC] PHP Deprecated:  Function get_page_by_title is <strong>deprecated</strong> since version 6.2.0! Use WP_Query instead. in D:\wamp\www\Khwopring.com.np\www\wp-includes\functions.php on line 6170
[25-Jul-2026 10:39:23 UTC] PHP Deprecated:  Function get_page_by_title is <strong>deprecated</strong> since version 6.2.0! Use WP_Query instead. in D:\wamp\www\Khwopring.com.np\www\wp-includes\functions.php on line 6170
[25-Jul-2026 10:39:23 UTC] PHP Deprecated:  Function get_page_by_title is <strong>deprecated</strong> since version 6.2.0! Use WP_Query instead. in D:\wamp\www\Khwopring.com.np\www\wp-includes\functions.php on line 6170
[25-Jul-2026 10:39:23 UTC] PHP Deprecated:  Function get_page_by_title is <strong>deprecated</strong> since version 6.2.0! Use WP_Query instead. in D:\wamp\www\Khwopring.com.np\www\wp-includes\functions.php on line 6170
[25-Jul-2026 10:39:23 UTC] PHP Deprecated:  Function get_page_by_title is <strong>deprecated</strong> since version 6.2.0! Use WP_Query instead. in D:\wamp\www\Khwopring.com.np\www\wp-includes\functions.php on line 6170
[25-Jul-2026 10:39:23 UTC] PHP Deprecated:  Function get_page_by_title is <strong>deprecated</strong> since version 6.2.0! Use WP_Query instead. in D:\wamp\www\Khwopring.com.np\www\wp-includes\functions.php on line 6170
[25-Jul-2026 10:42:35 UTC] PHP Deprecated:  Function get_page_by_title is <strong>deprecated</strong> since version 6.2.0! Use WP_Query instead. in D:\wamp\www\Khwopring.com.np\www\wp-includes\functions.php on line 6170
[25-Jul-2026 10:42:37 UTC] PHP Deprecated:  Function get_page_by_title is <strong>deprecated</strong> since version 6.2.0! Use WP_Query instead. in D:\wamp\www\Khwopring.com.np\www\wp-includes\functions.php on line 6170
[25-Jul-2026 10:42:39 UTC] PHP Deprecated:  Function get_page_by_title is <strong>deprecated</strong> since version 6.2.0! Use WP_Query instead. in D:\wamp\www\Khwopring.com.np\www\wp-includes\functions.php on line 6170
[25-Jul-2026 10:42:40 UTC] PHP Deprecated:  Function get_page_by_title is <strong>deprecated</strong> since version 6.2.0! Use WP_Query instead. in D:\wamp\www\Khwopring.com.np\www\wp-includes\functions.php on line 6170
[25-Jul-2026 10:42:40 UTC] PHP Deprecated:  Function get_page_by_title is <strong>deprecated</strong> since version 6.2.0! Use WP_Query instead. in D:\wamp\www\Khwopring.com.np\www\wp-includes\functions.php on line 6170
[25-Jul-2026 10:42:40 UTC] PHP Deprecated:  Function get_page_by_title is <strong>deprecated</strong> since version 6.2.0! Use WP_Query instead. in D:\wamp\www\Khwopring.com.np\www\wp-includes\functions.php on line 6170
[25-Jul-2026 10:42:40 UTC] PHP Deprecated:  Function get_page_by_title is <strong>deprecated</strong> since version 6.2.0! Use WP_Query instead. in D:\wamp\www\Khwopring.com.np\www\wp-includes\functions.php on line 6170
[25-Jul-2026 10:42:40 UTC] PHP Deprecated:  Function get_page_by_title is <strong>deprecated</strong> since version 6.2.0! Use WP_Query instead. in D:\wamp\www\Khwopring.com.np\www\wp-includes\functions.php on line 6170
[25-Jul-2026 10:42:41 UTC] PHP Deprecated:  Function get_page_by_title is <strong>deprecated</strong> since version 6.2.0! Use WP_Query instead. in D:\wamp\www\Khwopring.com.np\www\wp-includes\functions.php on line 6170
[25-Jul-2026 10:42:42 UTC] PHP Deprecated:  Function get_page_by_title is <strong>deprecated</strong> since version 6.2.0! Use WP_Query instead. in D:\wamp\www\Khwopring.com.np\www\wp-includes\functions.php on line 6170
[25-Jul-2026 10:42:43 UTC] PHP Deprecated:  Function get_page_by_title is <strong>deprecated</strong> since version 6.2.0! Use WP_Query instead. in D:\wamp\www\Khwopring.com.np\www\wp-includes\functions.php on line 6170
[25-Jul-2026 10:42:45 UTC] PHP Deprecated:  Function get_page_by_title is <strong>deprecated</strong> since version 6.2.0! Use WP_Query instead. in D:\wamp\www\Khwopring.com.np\www\wp-includes\functions.php on line 6170
[25-Jul-2026 10:42:46 UTC] PHP Deprecated:  Function get_page_by_title is <strong>deprecated</strong> since version 6.2.0! Use WP_Query instead. in D:\wamp\www\Khwopring.com.np\www\wp-includes\functions.php on line 6170
[25-Jul-2026 10:42:47 UTC] PHP Deprecated:  Function get_page_by_title is <strong>deprecated</strong> since version 6.2.0! Use WP_Query instead. in D:\wamp\www\Khwopring.com.np\www\wp-includes\functions.php on line 6170
[25-Jul-2026 10:42:49 UTC] PHP Deprecated:  Function get_page_by_title is <strong>deprecated</strong> since version 6.2.0! Use WP_Query instead. in D:\wamp\www\Khwopring.com.np\www\wp-includes\functions.php on line 6170
[25-Jul-2026 10:42:50 UTC] PHP Deprecated:  Function get_page_by_title is <strong>deprecated</strong> since version 6.2.0! Use WP_Query instead. in D:\wamp\www\Khwopring.com.np\www\wp-includes\functions.php on line 6170
[25-Jul-2026 10:42:51 UTC] PHP Deprecated:  Function get_page_by_title is <strong>deprecated</strong> since version 6.2.0! Use WP_Query instead. in D:\wamp\www\Khwopring.com.np\www\wp-includes\functions.php on line 6170
[25-Jul-2026 10:42:51 UTC] PHP Deprecated:  Function get_page_by_title is <strong>deprecated</strong> since version 6.2.0! Use WP_Query instead. in D:\wamp\www\Khwopring.com.np\www\wp-includes\functions.php on line 6170
[25-Jul-2026 10:42:53 UTC] PHP Deprecated:  Function get_page_by_title is <strong>deprecated</strong> since version 6.2.0! Use WP_Query instead. in D:\wamp\www\Khwopring.com.np\www\wp-includes\functions.php on line 6170
[25-Jul-2026 10:42:55 UTC] PHP Deprecated:  Function get_page_by_title is <strong>deprecated</strong> since version 6.2.0! Use WP_Query instead. in D:\wamp\www\Khwopring.com.np\www\wp-includes\functions.php on line 6170
[25-Jul-2026 10:42:56 UTC] PHP Deprecated:  Function get_page_by_title is <strong>deprecated</strong> since version 6.2.0! Use WP_Query instead. in D:\wamp\www\Khwopring.com.np\www\wp-includes\functions.php on line 6170
[25-Jul-2026 10:42:57 UTC] PHP Deprecated:  Function get_page_by_title is <strong>deprecated</strong> since version 6.2.0! Use WP_Query instead. in D:\wamp\www\Khwopring.com.np\www\wp-includes\functions.php on line 6170
[25-Jul-2026 10:42:58 UTC] PHP Deprecated:  Function get_page_by_title is <strong>deprecated</strong> since version 6.2.0! Use WP_Query instead. in D:\wamp\www\Khwopring.com.np\www\wp-includes\functions.php on line 6170
[25-Jul-2026 10:42:59 UTC] PHP Deprecated:  Function get_page_by_title is <strong>deprecated</strong> since version 6.2.0! Use WP_Query instead. in D:\wamp\www\Khwopring.com.np\www\wp-includes\functions.php on line 6170
[25-Jul-2026 10:43:01 UTC] PHP Deprecated:  Function get_page_by_title is <strong>deprecated</strong> since version 6.2.0! Use WP_Query instead. in D:\wamp\www\Khwopring.com.np\www\wp-includes\functions.php on line 6170
[25-Jul-2026 10:43:02 UTC] PHP Deprecated:  Function get_page_by_title is <strong>deprecated</strong> since version 6.2.0! Use WP_Query instead. in D:\wamp\www\Khwopring.com.np\www\wp-includes\functions.php on line 6170
[25-Jul-2026 10:43:03 UTC] PHP Deprecated:  Function get_page_by_title is <strong>deprecated</strong> since version 6.2.0! Use WP_Query instead. in D:\wamp\www\Khwopring.com.np\www\wp-includes\functions.php on line 6170
[25-Jul-2026 10:43:04 UTC] PHP Deprecated:  Function get_page_by_title is <strong>deprecated</strong> since version 6.2.0! Use WP_Query instead. in D:\wamp\www\Khwopring.com.np\www\wp-includes\functions.php on line 6170
[25-Jul-2026 10:43:05 UTC] PHP Deprecated:  Function get_page_by_title is <strong>deprecated</strong> since version 6.2.0! Use WP_Query instead. in D:\wamp\www\Khwopring.com.np\www\wp-includes\functions.php on line 6170
[25-Jul-2026 10:43:07 UTC] PHP Deprecated:  Function get_page_by_title is <strong>deprecated</strong> since version 6.2.0! Use WP_Query instead. in D:\wamp\www\Khwopring.com.np\www\wp-includes\functions.php on line 6170
[25-Jul-2026 10:43:08 UTC] PHP Deprecated:  Function get_page_by_title is <strong>deprecated</strong> since version 6.2.0! Use WP_Query instead. in D:\wamp\www\Khwopring.com.np\www\wp-includes\functions.php on line 6170
[25-Jul-2026 10:43:09 UTC] PHP Deprecated:  Function get_page_by_title is <strong>deprecated</strong> since version 6.2.0! Use WP_Query instead. in D:\wamp\www\Khwopring.com.np\www\wp-includes\functions.php on line 6170
[25-Jul-2026 10:43:09 UTC] PHP Deprecated:  Function get_page_by_title is <strong>deprecated</strong> since version 6.2.0! Use WP_Query instead. in D:\wamp\www\Khwopring.com.np\www\wp-includes\functions.php on line 6170
[25-Jul-2026 10:43:09 UTC] PHP Deprecated:  Function get_page_by_title is <strong>deprecated</strong> since version 6.2.0! Use WP_Query instead. in D:\wamp\www\Khwopring.com.np\www\wp-includes\functions.php on line 6170
[25-Jul-2026 11:16:33 UTC] PHP Deprecated:  Function get_page_by_title is <strong>deprecated</strong> since version 6.2.0! Use WP_Query instead. in D:\wamp\www\Khwopring.com.np\www\wp-includes\functions.php on line 6170
[25-Jul-2026 11:16:35 UTC] PHP Deprecated:  Function get_page_by_title is <strong>deprecated</strong> since version 6.2.0! Use WP_Query instead. in D:\wamp\www\Khwopring.com.np\www\wp-includes\functions.php on line 6170
[25-Jul-2026 11:16:35 UTC] PHP Deprecated:  Function get_page_by_title is <strong>deprecated</strong> since version 6.2.0! Use WP_Query instead. in D:\wamp\www\Khwopring.com.np\www\wp-includes\functions.php on line 6170
[25-Jul-2026 11:16:35 UTC] PHP Deprecated:  Function get_page_by_title is <strong>deprecated</strong> since version 6.2.0! Use WP_Query instead. in D:\wamp\www\Khwopring.com.np\www\wp-includes\functions.php on line 6170
[25-Jul-2026 11:16:35 UTC] PHP Deprecated:  Function get_page_by_title is <strong>deprecated</strong> since version 6.2.0! Use WP_Query instead. in D:\wamp\www\Khwopring.com.np\www\wp-includes\functions.php on line 6170
[25-Jul-2026 11:16:35 UTC] PHP Deprecated:  Function get_page_by_title is <strong>deprecated</strong> since version 6.2.0! Use WP_Query instead. in D:\wamp\www\Khwopring.com.np\www\wp-includes\functions.php on line 6170
[25-Jul-2026 11:16:35 UTC] PHP Deprecated:  Function get_page_by_title is <strong>deprecated</strong> since version 6.2.0! Use WP_Query instead. in D:\wamp\www\Khwopring.com.np\www\wp-includes\functions.php on line 6170
[25-Jul-2026 11:16:35 UTC] PHP Deprecated:  Function get_page_by_title is <strong>deprecated</strong> since version 6.2.0! Use WP_Query instead. in D:\wamp\www\Khwopring.com.np\www\wp-includes\functions.php on line 6170
[25-Jul-2026 11:16:35 UTC] PHP Deprecated:  Function get_page_by_title is <strong>deprecated</strong> since version 6.2.0! Use WP_Query instead. in D:\wamp\www\Khwopring.com.np\www\wp-includes\functions.php on line 6170
[25-Jul-2026 11:16:35 UTC] PHP Deprecated:  Function get_page_by_title is <strong>deprecated</strong> since version 6.2.0! Use WP_Query instead. in D:\wamp\www\Khwopring.com.np\www\wp-includes\functions.php on line 6170
[25-Jul-2026 11:16:35 UTC] PHP Deprecated:  Function get_page_by_title is <strong>deprecated</strong> since version 6.2.0! Use WP_Query instead. in D:\wamp\www\Khwopring.com.np\www\wp-includes\functions.php on line 6170
[25-Jul-2026 11:16:35 UTC] PHP Deprecated:  Function get_page_by_title is <strong>deprecated</strong> since version 6.2.0! Use WP_Query instead. in D:\wamp\www\Khwopring.com.np\www\wp-includes\functions.php on line 6170
[25-Jul-2026 11:16:35 UTC] PHP Deprecated:  Function get_page_by_title is <strong>deprecated</strong> since version 6.2.0! Use WP_Query instead. in D:\wamp\www\Khwopring.com.np\www\wp-includes\functions.php on line 6170
[25-Jul-2026 11:16:35 UTC] PHP Deprecated:  Function get_page_by_title is <strong>deprecated</strong> since version 6.2.0! Use WP_Query instead. in D:\wamp\www\Khwopring.com.np\www\wp-includes\functions.php on line 6170
[25-Jul-2026 11:16:35 UTC] PHP Deprecated:  Function get_page_by_title is <strong>deprecated</strong> since version 6.2.0! Use WP_Query instead. in D:\wamp\www\Khwopring.com.np\www\wp-includes\functions.php on line 6170
[25-Jul-2026 11:16:35 UTC] PHP Deprecated:  Function get_page_by_title is <strong>deprecated</strong> since version 6.2.0! Use WP_Query instead. in D:\wamp\www\Khwopring.com.np\www\wp-includes\functions.php on line 6170
[25-Jul-2026 11:16:35 UTC] PHP Deprecated:  Function get_page_by_title is <strong>deprecated</strong> since version 6.2.0! Use WP_Query instead. in D:\wamp\www\Khwopring.com.np\www\wp-includes\functions.php on line 6170
[25-Jul-2026 11:16:35 UTC] PHP Deprecated:  Function get_page_by_title is <strong>deprecated</strong> since version 6.2.0! Use WP_Query instead. in D:\wamp\www\Khwopring.com.np\www\wp-includes\functions.php on line 6170
[25-Jul-2026 11:16:35 UTC] PHP Deprecated:  Function get_page_by_title is <strong>deprecated</strong> since version 6.2.0! Use WP_Query instead. in D:\wamp\www\Khwopring.com.np\www\wp-includes\functions.php on line 6170
[25-Jul-2026 11:16:35 UTC] PHP Deprecated:  Function get_page_by_title is <strong>deprecated</strong> since version 6.2.0! Use WP_Query instead. in D:\wamp\www\Khwopring.com.np\www\wp-includes\functions.php on line 6170
[25-Jul-2026 11:16:35 UTC] PHP Deprecated:  Function get_page_by_title is <strong>deprecated</strong> since version 6.2.0! Use WP_Query instead. in D:\wamp\www\Khwopring.com.np\www\wp-includes\functions.php on line 6170
[25-Jul-2026 11:16:35 UTC] PHP Deprecated:  Function get_page_by_title is <strong>deprecated</strong> since version 6.2.0! Use WP_Query instead. in D:\wamp\www\Khwopring.com.np\www\wp-includes\functions.php on line 6170
[25-Jul-2026 11:16:35 UTC] PHP Deprecated:  Function get_page_by_title is <strong>deprecated</strong> since version 6.2.0! Use WP_Query instead. in D:\wamp\www\Khwopring.com.np\www\wp-includes\functions.php on line 6170
[25-Jul-2026 11:16:35 UTC] PHP Deprecated:  Function get_page_by_title is <strong>deprecated</strong> since version 6.2.0! Use WP_Query instead. in D:\wamp\www\Khwopring.com.np\www\wp-includes\functions.php on line 6170
[25-Jul-2026 11:16:35 UTC] PHP Deprecated:  Function get_page_by_title is <strong>deprecated</strong> since version 6.2.0! Use WP_Query instead. in D:\wamp\www\Khwopring.com.np\www\wp-includes\functions.php on line 6170
[25-Jul-2026 11:16:35 UTC] PHP Deprecated:  Function get_page_by_title is <strong>deprecated</strong> since version 6.2.0! Use WP_Query instead. in D:\wamp\www\Khwopring.com.np\www\wp-includes\functions.php on line 6170
[25-Jul-2026 11:16:35 UTC] PHP Deprecated:  Function get_page_by_title is <strong>deprecated</strong> since version 6.2.0! Use WP_Query instead. in D:\wamp\www\Khwopring.com.np\www\wp-includes\functions.php on line 6170
[25-Jul-2026 11:16:35 UTC] PHP Deprecated:  Function get_page_by_title is <strong>deprecated</strong> since version 6.2.0! Use WP_Query instead. in D:\wamp\www\Khwopring.com.np\www\wp-includes\functions.php on line 6170
[25-Jul-2026 11:16:35 UTC] PHP Deprecated:  Function get_page_by_title is <strong>deprecated</strong> since version 6.2.0! Use WP_Query instead. in D:\wamp\www\Khwopring.com.np\www\wp-includes\functions.php on line 6170
[25-Jul-2026 11:16:35 UTC] PHP Deprecated:  Function get_page_by_title is <strong>deprecated</strong> since version 6.2.0! Use WP_Query instead. in D:\wamp\www\Khwopring.com.np\www\wp-includes\functions.php on line 6170
[25-Jul-2026 11:16:35 UTC] PHP Deprecated:  Function get_page_by_title is <strong>deprecated</strong> since version 6.2.0! Use WP_Query instead. in D:\wamp\www\Khwopring.com.np\www\wp-includes\functions.php on line 6170
[25-Jul-2026 11:16:35 UTC] PHP Deprecated:  Function get_page_by_title is <strong>deprecated</strong> since version 6.2.0! Use WP_Query instead. in D:\wamp\www\Khwopring.com.np\www\wp-includes\functions.php on line 6170
[25-Jul-2026 11:16:35 UTC] PHP Deprecated:  Function get_page_by_title is <strong>deprecated</strong> since version 6.2.0! Use WP_Query instead. in D:\wamp\www\Khwopring.com.np\www\wp-includes\functions.php on line 6170
[25-Jul-2026 11:16:35 UTC] PHP Deprecated:  Function get_page_by_title is <strong>deprecated</strong> since version 6.2.0! Use WP_Query instead. in D:\wamp\www\Khwopring.com.np\www\wp-includes\functions.php on line 6170
[25-Jul-2026 11:16:35 UTC] PHP Deprecated:  Function get_page_by_title is <strong>deprecated</strong> since version 6.2.0! Use WP_Query instead. in D:\wamp\www\Khwopring.com.np\www\wp-includes\functions.php on line 6170
[25-Jul-2026 11:16:37 UTC] PHP Deprecated:  Function get_page_by_title is <strong>deprecated</strong> since version 6.2.0! Use WP_Query instead. in D:\wamp\www\Khwopring.com.np\www\wp-includes\functions.php on line 6170
[25-Jul-2026 11:16:39 UTC] PHP Deprecated:  Function get_page_by_title is <strong>deprecated</strong> since version 6.2.0! Use WP_Query instead. in D:\wamp\www\Khwopring.com.np\www\wp-includes\functions.php on line 6170
[25-Jul-2026 11:16:42 UTC] PHP Deprecated:  Function get_page_by_title is <strong>deprecated</strong> since version 6.2.0! Use WP_Query instead. in D:\wamp\www\Khwopring.com.np\www\wp-includes\functions.php on line 6170
[25-Jul-2026 11:16:42 UTC] PHP Deprecated:  Function get_page_by_title is <strong>deprecated</strong> since version 6.2.0! Use WP_Query instead. in D:\wamp\www\Khwopring.com.np\www\wp-includes\functions.php on line 6170
[25-Jul-2026 11:16:42 UTC] PHP Deprecated:  Function get_page_by_title is <strong>deprecated</strong> since version 6.2.0! Use WP_Query instead. in D:\wamp\www\Khwopring.com.np\www\wp-includes\functions.php on line 6170
[25-Jul-2026 11:16:42 UTC] PHP Deprecated:  Function get_page_by_title is <strong>deprecated</strong> since version 6.2.0! Use WP_Query instead. in D:\wamp\www\Khwopring.com.np\www\wp-includes\functions.php on line 6170
[25-Jul-2026 11:16:42 UTC] PHP Deprecated:  Function get_page_by_title is <strong>deprecated</strong> since version 6.2.0! Use WP_Query instead. in D:\wamp\www\Khwopring.com.np\www\wp-includes\functions.php on line 6170
[25-Jul-2026 11:16:42 UTC] PHP Deprecated:  Function get_page_by_title is <strong>deprecated</strong> since version 6.2.0! Use WP_Query instead. in D:\wamp\www\Khwopring.com.np\www\wp-includes\functions.php on line 6170
[25-Jul-2026 12:29:27 UTC] PHP Parse error:  syntax error, unexpected ')', expecting :: (T_PAAMAYIM_NEKUDOTAYIM) in phar://D:/wamp/www/Khwopring.com.np/.tools/wp-cli.phar/vendor/wp-cli/eval-command/src/EvalFile_Command.php(85) : eval()'d code on line 53
[25-Jul-2026 14:47:32 UTC] Automatic updates starting...
[25-Jul-2026 14:47:34 UTC] Automatic updates complete.
[27-Jul-2026 15:30:02 UTC] Automatic updates starting...
[27-Jul-2026 15:30:04 UTC] Automatic updates complete.
[01-Aug-2026 10:57:10 UTC] Automatic updates starting...
[01-Aug-2026 10:57:12 UTC] Automatic updates complete.
[01-Aug-2026 11:49:53 UTC] Automatic updates starting...
[01-Aug-2026 11:49:54 UTC] Automatic updates complete.
[01-Aug-2026 12:49:56 UTC] Automatic updates starting...
[01-Aug-2026 12:49:56 UTC] Automatic updates complete.
[01-Aug-2026 13:51:54 UTC] Automatic updates starting...
[01-Aug-2026 13:51:57 UTC] Automatic updates complete.
[01-Aug-2026 14:52:13 UTC] Automatic updates starting...
[01-Aug-2026 14:52:13 UTC] Automatic updates complete.
[01-Aug-2026 16:36:07 UTC] Automatic updates starting...
[01-Aug-2026 16:36:10 UTC] Automatic updates complete.
[02-Aug-2026 07:09:09 UTC] Automatic updates starting...
[02-Aug-2026 07:09:10 UTC] Automatic updates complete.
[02-Aug-2026 11:33:30 UTC] Automatic updates starting...
[02-Aug-2026 11:33:33 UTC] Automatic updates complete.
[02-Aug-2026 12:33:57 UTC] Automatic updates starting...
[02-Aug-2026 12:33:57 UTC] Automatic updates complete.
[02-Aug-2026 14:07:31 UTC] Automatic updates starting...
[02-Aug-2026 14:07:33 UTC] Automatic updates complete.
[02-Aug-2026 15:07:57 UTC] Automatic updates starting...
[02-Aug-2026 15:07:58 UTC] Automatic updates complete.
[02-Aug-2026 16:08:28 UTC] Automatic updates starting...
[02-Aug-2026 16:08:31 UTC] Automatic updates complete.
[02-Aug-2026 17:08:57 UTC] Automatic updates starting...
[02-Aug-2026 17:08:57 UTC] Automatic updates complete.
[03-Aug-2026 02:15:59 UTC] Automatic updates starting...
[03-Aug-2026 02:16:01 UTC] Automatic updates complete.
[09-Aug-2026 06:53:14 UTC] Automatic updates starting...
[09-Aug-2026 06:53:15 UTC]   Automatic plugin updates starting...
[09-Aug-2026 06:53:15 UTC]   Automatic plugin updates complete.
[09-Aug-2026 06:53:16 UTC] Automatic updates complete.
[09-Aug-2026 11:35:12 UTC] Automatic updates starting...
[09-Aug-2026 11:35:12 UTC]   Automatic plugin updates starting...
[09-Aug-2026 11:35:12 UTC]   Automatic plugin updates complete.
[09-Aug-2026 11:35:12 UTC] Automatic updates complete.
[12-Aug-2026 14:20:28 UTC] Automatic updates starting...
[12-Aug-2026 14:20:30 UTC]   Automatic plugin updates starting...
[12-Aug-2026 14:20:30 UTC]   Automatic plugin updates complete.
[12-Aug-2026 14:20:31 UTC] Automatic updates complete.
[12-Aug-2026 15:29:06 UTC] Automatic updates starting...
[12-Aug-2026 15:29:06 UTC]   Automatic plugin updates starting...
[12-Aug-2026 15:29:06 UTC]   Automatic plugin updates complete.
[12-Aug-2026 15:29:06 UTC] Automatic updates complete.
[13-Aug-2026 15:09:13 UTC] Automatic updates starting...
[13-Aug-2026 15:09:16 UTC]   Automatic plugin updates starting...
[13-Aug-2026 15:09:16 UTC]   Automatic plugin updates complete.
[13-Aug-2026 15:09:17 UTC] Automatic updates complete.
[15-Aug-2026 05:01:34 UTC] Automatic updates starting...
[15-Aug-2026 05:01:36 UTC]   Automatic plugin updates starting...
[15-Aug-2026 05:01:36 UTC]   Automatic plugin updates complete.
[15-Aug-2026 05:01:37 UTC] Automatic updates complete.
